TZ=Asia/Singapore
routername=solace-primary
nodetype=message_routing
redundancy_enable=no
tls_servercertificate_filepath=/run/secrets/tls.crt
system_scaling_maxconnectioncount=1000
system_scaling_maxqueuemessagecount=100
messagespool_maxspoolusage=100000
username_admin_globalaccesslevel=admin
username_admin_passwordfilepath=/run/secrets/username_admin_password
