run
-d
--name
solace
--hostname
solace-primary
-u
0:0
--restart=always
--shm-size=1g
--ulimit
nofile=2448:1048576
--ulimit
memlock=-1
--ulimit
core=-1
--network=host
--mount
type=bind,source=/opt/solace/data,destination=/var/lib/solace,relabel=private,ro=false
-v
certs/tls.crt:/run/secrets/tls.crt:ro
-e
routername=solace-primary
-e
nodetype=message_routing
-e
redundancy_activestandbyrole=primary
-e
redundancy_enable=yes
-e
redundancy_authentication_presharedkey_key=Q0hBTkdFLU1FLXByZXNoYXJlZC1rZXktYmFzZTY0
-e
configsync_enable=yes
-e
redundancy_group_node_solace-primary_connectvia=10.0.0.11
-e
redundancy_group_node_solace-primary_nodetype=message_routing
-e
redundancy_group_node_solace-backup_connectvia=10.0.0.12
-e
redundancy_group_node_solace-backup_nodetype=message_routing
-e
redundancy_group_node_solace-monitor_connectvia=10.0.0.13
-e
redundancy_group_node_solace-monitor_nodetype=monitoring
-e
configsync_tls_enable=yes
-e
redundancy_matelink_tls_enable=yes
-e
tls_servercertificate_filepath=/run/secrets/tls.crt
-e
system_scaling_maxconnectioncount=1000
-e
system_scaling_maxqueuemessagecount=100
-e
messagespool_maxspoolusage=100000
-e
username_admin_globalaccesslevel=admin
-e
username_admin_password=CHANGE-ME-admin
registry.example.com/solace-pubsub-standard:10.10.1.128
