services:
  solace:
    image: registry.example.com/solace-pubsub-standard:10.10.1.128
    container_name: solace
    hostname: solace-primary
    user: "0:0"
    restart: always
    shm_size: 1g
    ulimits:
      nofile:
        soft: 2448
        hard: 1048576
      memlock: -1
      core: -1
    network_mode: host
    volumes:
      - "/opt/solace/data:/var/lib/solace:Z"
      - "certs/tls.crt:/run/secrets/tls.crt:ro"
    environment:
      TZ: "UTC"
      routername: "solace-primary"
      nodetype: "message_routing"
      redundancy_activestandbyrole: "primary"
      redundancy_enable: "yes"
      redundancy_authentication_presharedkey_key: "Q0hBTkdFLU1FLXByZXNoYXJlZC1rZXktYmFzZTY0"
      configsync_enable: "yes"
      redundancy_group_node_solace-primary_connectvia: "10.0.0.11"
      redundancy_group_node_solace-primary_nodetype: "message_routing"
      redundancy_group_node_solace-backup_connectvia: "10.0.0.12"
      redundancy_group_node_solace-backup_nodetype: "message_routing"
      redundancy_group_node_solace-monitor_connectvia: "10.0.0.13"
      redundancy_group_node_solace-monitor_nodetype: "monitoring"
      configsync_tls_enable: "yes"
      redundancy_matelink_tls_enable: "yes"
      tls_servercertificate_filepath: "/run/secrets/tls.crt"
      system_scaling_maxconnectioncount: "1000"
      system_scaling_maxqueuemessagecount: "100"
      messagespool_maxspoolusage: "100000"
      username_admin_globalaccesslevel: "admin"
      username_admin_password: "CHANGE-ME-admin"
