apiVersion: pubsubplus.solace.com/v1beta1
kind: PubSubPlusEventBroker
metadata:
  namespace: solace
  name: dev-broker
spec:
  image:
    repository: registry.example.com/solace-pubsub-standard
    tag: 10.26.0.8755
    pullPolicy: IfNotPresent
    pullSecrets:
    - name: solace-image-pull
  serviceAccount:
    name: solace-sa
  adminCredentialsSecret: solace-admin-secret
  monitoringCredentialsSecret: solace-admin-secret
  redundancy: true
  updateStrategy: automatedRolling
  podDisruptionBudgetForHA: true
  systemScaling:
    system_scaling_maxconnectioncount: 100
    system_scaling_maxqueuemessagecount: 100
    system_scaling_maxkafkabridgecount: 0
    system_scaling_maxkafkabrokerconnectioncount: 0
    system_scaling_maxbridgecount: 25
    system_scaling_maxsubscriptioncount: 50000
    system_scaling_maxguaranteedmessagesize: 10
    maxSpoolUsage: 10000
    messagingNodeCpu: "2"
    messagingNodeMemory: 3410Mi
  storage:
    useStorageClass: standard
    messagingNodeStorageSize: 30Gi
    monitorNodeStorageSize: 5Gi
  tls:
    serverTlsConfigSecret: solace-tls-secret
    enabled: true
    certFilename: tls.crt
    certKeyFilename: tls.key
  nodeAssignment:
  - name: Primary
    spec:
      affinity:
        podAntiAffinity:
          preferredDuringSchedulingIgnoredDuringExecution:
          - weight: 100
            podAffinityTerm:
              topologyKey: kubernetes.io/hostname
              labelSelector:
                matchLabels:
                  app.kubernetes.io/name: pubsubpluseventbroker
              namespaces:
              - solace
  - name: Backup
    spec:
      affinity:
        podAntiAffinity:
          preferredDuringSchedulingIgnoredDuringExecution:
          - weight: 100
            podAffinityTerm:
              topologyKey: kubernetes.io/hostname
              labelSelector:
                matchLabels:
                  app.kubernetes.io/name: pubsubpluseventbroker
              namespaces:
              - solace
  - name: Monitor
    spec:
      affinity:
        podAntiAffinity:
          preferredDuringSchedulingIgnoredDuringExecution:
          - weight: 100
            podAffinityTerm:
              topologyKey: kubernetes.io/hostname
              labelSelector:
                matchLabels:
                  app.kubernetes.io/name: pubsubpluseventbroker
              namespaces:
              - solace
  service:
    type: LoadBalancer
    annotations:
      metallb.universe.tf/loadBalancerIPs: 10.0.0.50
      metallb.io/loadBalancerIPs: 10.0.0.50
    ports:
    - containerPort: 2222
      name: tcp-ssh
      protocol: TCP
      servicePort: 2222
    - containerPort: 8080
      name: tcp-semp
      protocol: TCP
      servicePort: 8080
    - containerPort: 1943
      name: tls-semp
      protocol: TCP
      servicePort: 1943
    - containerPort: 55555
      name: tcp-smf
      protocol: TCP
      servicePort: 55555
    - containerPort: 55003
      name: tcp-smfcomp
      protocol: TCP
      servicePort: 55003
    - containerPort: 55443
      name: tls-smf
      protocol: TCP
      servicePort: 55443
    - containerPort: 55556
      name: tcp-smfroute
      protocol: TCP
      servicePort: 55556
    - containerPort: 8008
      name: tcp-web
      protocol: TCP
      servicePort: 8008
    - containerPort: 1443
      name: tls-web
      protocol: TCP
      servicePort: 1443
    - containerPort: 9000
      name: tcp-rest
      protocol: TCP
      servicePort: 9000
    - containerPort: 9443
      name: tls-rest
      protocol: TCP
      servicePort: 9443
    - containerPort: 5672
      name: tcp-amqp
      protocol: TCP
      servicePort: 5672
    - containerPort: 5671
      name: tls-amqp
      protocol: TCP
      servicePort: 5671
    - containerPort: 1883
      name: tcp-mqtt
      protocol: TCP
      servicePort: 1883
    - containerPort: 8883
      name: tls-mqtt
      protocol: TCP
      servicePort: 8883
    - containerPort: 8000
      name: tcp-mqttweb
      protocol: TCP
      servicePort: 8000
    - containerPort: 8443
      name: tls-mqttweb
      protocol: TCP
      servicePort: 8443
