[Unit]
Description=Solace PubSub+ Event Broker (solace-primary, nodetype=message_routing)
Wants=network-online.target
After=network-online.target

[Container]
Image=registry.example.com/solace-pubsub-standard:10.26.0.5
ContainerName=solace
HostName=solace-primary
User=0
Group=0
ShmSize=1g
Ulimit=nofile=2448:1048576
Ulimit=memlock=-1
Ulimit=core=-1
HealthCmd=curl -fs http://localhost:5550/health-check/readiness
HealthInterval=5s
HealthTimeout=5s
HealthRetries=3
HealthStartPeriod=60s
Network=host
Volume=/opt/solace/data:/var/lib/solace:Z
Volume=certs/tls.crt:/run/secrets/tls.crt:ro
Environment="routername=solace-primary"
Environment="nodetype=message_routing"
Environment="redundancy_activestandbyrole=primary"
Environment="redundancy_enable=yes"
Environment="configsync_enable=yes"
Environment="redundancy_group_node_solace-primary_connectvia=10.0.0.11"
Environment="redundancy_group_node_solace-primary_nodetype=message_routing"
Environment="redundancy_group_node_solace-backup_connectvia=10.0.0.12"
Environment="redundancy_group_node_solace-backup_nodetype=message_routing"
Environment="redundancy_group_node_solace-monitor_connectvia=10.0.0.13"
Environment="redundancy_group_node_solace-monitor_nodetype=monitoring"
Environment="configsync_tls_enable=yes"
Environment="redundancy_matelink_tls_enable=yes"
Environment="tls_servercertificate_filepath=/run/secrets/tls.crt"
Environment="system_scaling_maxconnectioncount=1000"
Environment="system_scaling_maxqueuemessagecount=100"
Environment="messagespool_maxspoolusage=100000"
Environment="username_admin_globalaccesslevel=admin"
Environment="username_admin_passwordfilepath=/run/secrets/username_admin_password"
Environment="redundancy_authentication_presharedkey_keyfilepath=/run/secrets/redundancy_authentication_presharedkey_key"
Secret=solace-admin-password,type=mount,target=username_admin_password
Secret=solace-redundancy-psk,type=mount,target=redundancy_authentication_presharedkey_key

[Service]
Restart=always

[Install]
WantedBy=multi-user.target
